editor-1          | 2024/10/14 13:12:48 [error] 46#46: *12 open() "/usr/share/nginx/html/extensions/base/package.nls.json" failed (2: No such file or directory), client: 172.30.1.1, server: localhost, request: "GET /extensions/base/package.nls.json HTTP/1.1", host: "localhost:3022", referrer: "http://localhost:3022/?instanceUrl=http%3A%2F%2Flocalhost%3A8080%2Fdevices%2Fb3e96883-3439-4293-a4f3-2ff8f4f5a75d&deviceToken=0WcLVFLYUnL-Q1SkdTWFi0gPEzG2w7p4o0ONcAqlo9OCx1uLUjInuDyjR2ySP3TupDDLYYGxWhtAx-5SLrWjyg"
editor-1          | 2024/10/14 13:12:48 [error] 47#47: *13 open() "/usr/share/nginx/html/extensions/debugging/package.nls.json" failed (2: No such file or directory), client: 172.30.1.1, server: localhost, request: "GET /extensions/debugging/package.nls.json HTTP/1.1", host: "localhost:3022", referrer: "http://localhost:3022/?instanceUrl=http%3A%2F%2Flocalhost%3A8080%2Fdevices%2Fb3e96883-3439-4293-a4f3-2ff8f4f5a75d&deviceToken=0WcLVFLYUnL-Q1SkdTWFi0gPEzG2w7p4o0ONcAqlo9OCx1uLUjInuDyjR2ySP3TupDDLYYGxWhtAx-5SLrWjyg"
editor-1          | 2024/10/14 13:12:48 [error] 48#48: *14 open() "/usr/share/nginx/html/extensions/compilation/package.nls.json" failed (2: No such file or directory), client: 172.30.1.1, server: localhost, request: "GET /extensions/compilation/package.nls.json HTTP/1.1", host: "localhost:3022", referrer: "http://localhost:3022/?instanceUrl=http%3A%2F%2Flocalhost%3A8080%2Fdevices%2Fb3e96883-3439-4293-a4f3-2ff8f4f5a75d&deviceToken=0WcLVFLYUnL-Q1SkdTWFi0gPEzG2w7p4o0ONcAqlo9OCx1uLUjInuDyjR2ySP3TupDDLYYGxWhtAx-5SLrWjyg"
editor-1          | 172.30.1.1 - - [14/Oct/2024:13:12:48 +0000] "GET /extensions/base/package.nls.json HTTP/1.1" 404 153 "http://localhost:3022/?instanceUrl=http%3A%2F%2Flocalhost%3A8080%2Fdevices%2Fb3e96883-3439-4293-a4f3-2ff8f4f5a75d&deviceToken=0WcLVFLYUnL-Q1SkdTWFi0gPEzG2w7p4o0ONcAqlo9OCx1uLUjInuDyjR2ySP3TupDDLYYGxWhtAx-5SLrWjyg" "Mozilla/5.0 (Windows NT 10.0; Win64; x64; rv:131.0) Gecko/20100101 Firefox/131.0" "-"
editor-1          | 172.30.1.1 - - [14/Oct/2024:13:12:48 +0000] "GET /extensions/filesystem/package.nls.json HTTP/1.1" 404 153 "http://localhost:3022/?instanceUrl=http%3A%2F%2Flocalhost%3A8080%2Fdevices%2Fb3e96883-3439-4293-a4f3-2ff8f4f5a75d&deviceToken=0WcLVFLYUnL-Q1SkdTWFi0gPEzG2w7p4o0ONcAqlo9OCx1uLUjInuDyjR2ySP3TupDDLYYGxWhtAx-5SLrWjyg" "Mozilla/5.0 (Windows NT 10.0; Win64; x64; rv:131.0) Gecko/20100101 Firefox/131.0" "-"
editor-1          | 172.30.1.1 - - [14/Oct/2024:13:12:48 +0000] "GET /extensions/debugging/package.nls.json HTTP/1.1" 404 153 "http://localhost:3022/?instanceUrl=http%3A%2F%2Flocalhost%3A8080%2Fdevices%2Fb3e96883-3439-4293-a4f3-2ff8f4f5a75d&deviceToken=0WcLVFLYUnL-Q1SkdTWFi0gPEzG2w7p4o0ONcAqlo9OCx1uLUjInuDyjR2ySP3TupDDLYYGxWhtAx-5SLrWjyg" "Mozilla/5.0 (Windows NT 10.0; Win64; x64; rv:131.0) Gecko/20100101 Firefox/131.0" "-"
editor-1          | 172.30.1.1 - - [14/Oct/2024:13:12:48 +0000] "GET /extensions/base/package.nls.json HTTP/1.1" 404 153 "http://localhost:3022/?instanceUrl=http%3A%2F%2Flocalhost%3A8080%2Fdevices%2Fb3e96883-3439-4293-a4f3-2ff8f4f5a75d&deviceToken=0WcLVFLYUnL-Q1SkdTWFi0gPEzG2w7p4o0ONcAqlo9OCx1uLUjInuDyjR2ySP3TupDDLYYGxWhtAx-5SLrWjyg" "Mozilla/5.0 (Windows NT 10.0; Win64; x64; rv:131.0) Gecko/20100101 Firefox/131.0" "-"
editor-1          | 172.30.1.1 - - [14/Oct/2024:13:12:48 +0000] "GET /extensions/compilation/package.nls.json HTTP/1.1" 404 153 "http://localhost:3022/?instanceUrl=http%3A%2F%2Flocalhost%3A8080%2Fdevices%2Fb3e96883-3439-4293-a4f3-2ff8f4f5a75d&deviceToken=0WcLVFLYUnL-Q1SkdTWFi0gPEzG2w7p4o0ONcAqlo9OCx1uLUjInuDyjR2ySP3TupDDLYYGxWhtAx-5SLrWjyg" "Mozilla/5.0 (Windows NT 10.0; Win64; x64; rv:131.0) Gecko/20100101 Firefox/131.0" "-"
editor-1          | 2024/10/14 13:12:48 [error] 49#49: *15 open() "/usr/share/nginx/html/extensions/filesystem/package.nls.json" failed (2: No such file or directory), client: 172.30.1.1, server: localhost, request: "GET /extensions/filesystem/package.nls.json HTTP/1.1", host: "localhost:3022", referrer: "http://localhost:3022/?instanceUrl=http%3A%2F%2Flocalhost%3A8080%2Fdevices%2Fb3e96883-3439-4293-a4f3-2ff8f4f5a75d&deviceToken=0WcLVFLYUnL-Q1SkdTWFi0gPEzG2w7p4o0ONcAqlo9OCx1uLUjInuDyjR2ySP3TupDDLYYGxWhtAx-5SLrWjyg"
editor-1          | 172.30.1.1 - - [14/Oct/2024:13:12:48 +0000] "GET /extensions/filesystem/package.nls.json HTTP/1.1" 404 153 "http://localhost:3022/?instanceUrl=http%3A%2F%2Flocalhost%3A8080%2Fdevices%2Fb3e96883-3439-4293-a4f3-2ff8f4f5a75d&deviceToken=0WcLVFLYUnL-Q1SkdTWFi0gPEzG2w7p4o0ONcAqlo9OCx1uLUjInuDyjR2ySP3TupDDLYYGxWhtAx-5SLrWjyg" "Mozilla/5.0 (Windows NT 10.0; Win64; x64; rv:131.0) Gecko/20100101 Firefox/131.0" "-"
editor-1          | 2024/10/14 13:12:48 [error] 44#44: *10 open() "/usr/share/nginx/html/extensions/compilation/package.nls.json" failed (2: No such file or directory), client: 172.30.1.1, server: localhost, request: "GET /extensions/compilation/package.nls.json HTTP/1.1", host: "localhost:3022", referrer: "http://localhost:3022/?instanceUrl=http%3A%2F%2Flocalhost%3A8080%2Fdevices%2Fb3e96883-3439-4293-a4f3-2ff8f4f5a75d&deviceToken=0WcLVFLYUnL-Q1SkdTWFi0gPEzG2w7p4o0ONcAqlo9OCx1uLUjInuDyjR2ySP3TupDDLYYGxWhtAx-5SLrWjyg"
editor-1          | 172.30.1.1 - - [14/Oct/2024:13:12:48 +0000] "GET /extensions/compilation/package.nls.json HTTP/1.1" 404 153 "http://localhost:3022/?instanceUrl=http%3A%2F%2Flocalhost%3A8080%2Fdevices%2Fb3e96883-3439-4293-a4f3-2ff8f4f5a75d&deviceToken=0WcLVFLYUnL-Q1SkdTWFi0gPEzG2w7p4o0ONcAqlo9OCx1uLUjInuDyjR2ySP3TupDDLYYGxWhtAx-5SLrWjyg" "Mozilla/5.0 (Windows NT 10.0; Win64; x64; rv:131.0) Gecko/20100101 Firefox/131.0" "-"
editor-1          | 2024/10/14 13:12:48 [error] 47#47: *13 open() "/usr/share/nginx/html/extensions/debugging/package.nls.json" failed (2: No such file or directory), client: 172.30.1.1, server: localhost, request: "GET /extensions/debugging/package.nls.json HTTP/1.1", host: "localhost:3022", referrer: "http://localhost:3022/?instanceUrl=http%3A%2F%2Flocalhost%3A8080%2Fdevices%2Fb3e96883-3439-4293-a4f3-2ff8f4f5a75d&deviceToken=0WcLVFLYUnL-Q1SkdTWFi0gPEzG2w7p4o0ONcAqlo9OCx1uLUjInuDyjR2ySP3TupDDLYYGxWhtAx-5SLrWjyg"
editor-1          | 172.30.1.1 - - [14/Oct/2024:13:12:48 +0000] "GET /extensions/debugging/package.nls.json HTTP/1.1" 404 153 "http://localhost:3022/?instanceUrl=http%3A%2F%2Flocalhost%3A8080%2Fdevices%2Fb3e96883-3439-4293-a4f3-2ff8f4f5a75d&deviceToken=0WcLVFLYUnL-Q1SkdTWFi0gPEzG2w7p4o0ONcAqlo9OCx1uLUjInuDyjR2ySP3TupDDLYYGxWhtAx-5SLrWjyg" "Mozilla/5.0 (Windows NT 10.0; Win64; x64; rv:131.0) Gecko/20100101 Firefox/131.0" "-"
editor-1          | 2024/10/14 13:12:48 [error] 45#45: *11 open() "/usr/share/nginx/html/extensions/filesystem/package.nls.json" failed (2: No such file or directory), client: 172.30.1.1, server: localhost, request: "GET /extensions/filesystem/package.nls.json HTTP/1.1", host: "localhost:3022", referrer: "http://localhost:3022/?instanceUrl=http%3A%2F%2Flocalhost%3A8080%2Fdevices%2Fb3e96883-3439-4293-a4f3-2ff8f4f5a75d&deviceToken=0WcLVFLYUnL-Q1SkdTWFi0gPEzG2w7p4o0ONcAqlo9OCx1uLUjInuDyjR2ySP3TupDDLYYGxWhtAx-5SLrWjyg"
editor-1          | 2024/10/14 13:12:48 [error] 46#46: *12 open() "/usr/share/nginx/html/extensions/compilation/package.nls.json" failed (2: No such file or directory), client: 172.30.1.1, server: localhost, request: "GET /extensions/compilation/package.nls.json HTTP/1.1", host: "localhost:3022", referrer: "http://localhost:3022/?instanceUrl=http%3A%2F%2Flocalhost%3A8080%2Fdevices%2Fb3e96883-3439-4293-a4f3-2ff8f4f5a75d&deviceToken=0WcLVFLYUnL-Q1SkdTWFi0gPEzG2w7p4o0ONcAqlo9OCx1uLUjInuDyjR2ySP3TupDDLYYGxWhtAx-5SLrWjyg"
editor-1          | 2024/10/14 13:12:48 [error] 48#48: *14 open() "/usr/share/nginx/html/extensions/base/package.nls.json" failed (2: No such file or directory), client: 172.30.1.1, server: localhost, request: "GET /extensions/base/package.nls.json HTTP/1.1", host: "localhost:3022", referrer: "http://localhost:3022/?instanceUrl=http%3A%2F%2Flocalhost%3A8080%2Fdevices%2Fb3e96883-3439-4293-a4f3-2ff8f4f5a75d&deviceToken=0WcLVFLYUnL-Q1SkdTWFi0gPEzG2w7p4o0ONcAqlo9OCx1uLUjInuDyjR2ySP3TupDDLYYGxWhtAx-5SLrWjyg"
editor-1          | 2024/10/14 13:12:48 [error] 47#47: *13 open() "/usr/share/nginx/html/extensions/compilation/package.nls.json" failed (2: No such file or directory), client: 172.30.1.1, server: localhost, request: "GET /extensions/compilation/package.nls.json HTTP/1.1", host: "localhost:3022", referrer: "http://localhost:3022/?instanceUrl=http%3A%2F%2Flocalhost%3A8080%2Fdevices%2Fb3e96883-3439-4293-a4f3-2ff8f4f5a75d&deviceToken=0WcLVFLYUnL-Q1SkdTWFi0gPEzG2w7p4o0ONcAqlo9OCx1uLUjInuDyjR2ySP3TupDDLYYGxWhtAx-5SLrWjyg"
editor-1          | 2024/10/14 13:12:48 [error] 44#44: *10 open() "/usr/share/nginx/html/extensions/base/package.nls.json" failed (2: No such file or directory), client: 172.30.1.1, server: localhost, request: "GET /extensions/base/package.nls.json HTTP/1.1", host: "localhost:3022", referrer: "http://localhost:3022/?instanceUrl=http%3A%2F%2Flocalhost%3A8080%2Fdevices%2Fb3e96883-3439-4293-a4f3-2ff8f4f5a75d&deviceToken=0WcLVFLYUnL-Q1SkdTWFi0gPEzG2w7p4o0ONcAqlo9OCx1uLUjInuDyjR2ySP3TupDDLYYGxWhtAx-5SLrWjyg"
editor-1          | 172.30.1.1 - - [14/Oct/2024:13:12:48 +0000] "GET /extensions/base/package.nls.json HTTP/1.1" 404 153 "http://localhost:3022/?instanceUrl=http%3A%2F%2Flocalhost%3A8080%2Fdevices%2Fb3e96883-3439-4293-a4f3-2ff8f4f5a75d&deviceToken=0WcLVFLYUnL-Q1SkdTWFi0gPEzG2w7p4o0ONcAqlo9OCx1uLUjInuDyjR2ySP3TupDDLYYGxWhtAx-5SLrWjyg" "Mozilla/5.0 (Windows NT 10.0; Win64; x64; rv:131.0) Gecko/20100101 Firefox/131.0" "-"
editor-1          | 172.30.1.1 - - [14/Oct/2024:13:12:48 +0000] "GET /extensions/compilation/package.nls.json HTTP/1.1" 404 153 "http://localhost:3022/?instanceUrl=http%3A%2F%2Flocalhost%3A8080%2Fdevices%2Fb3e96883-3439-4293-a4f3-2ff8f4f5a75d&deviceToken=0WcLVFLYUnL-Q1SkdTWFi0gPEzG2w7p4o0ONcAqlo9OCx1uLUjInuDyjR2ySP3TupDDLYYGxWhtAx-5SLrWjyg" "Mozilla/5.0 (Windows NT 10.0; Win64; x64; rv:131.0) Gecko/20100101 Firefox/131.0" "-"
editor-1          | 172.30.1.1 - - [14/Oct/2024:13:12:48 +0000] "GET /extensions/filesystem/package.nls.json HTTP/1.1" 404 153 "http://localhost:3022/?instanceUrl=http%3A%2F%2Flocalhost%3A8080%2Fdevices%2Fb3e96883-3439-4293-a4f3-2ff8f4f5a75d&deviceToken=0WcLVFLYUnL-Q1SkdTWFi0gPEzG2w7p4o0ONcAqlo9OCx1uLUjInuDyjR2ySP3TupDDLYYGxWhtAx-5SLrWjyg" "Mozilla/5.0 (Windows NT 10.0; Win64; x64; rv:131.0) Gecko/20100101 Firefox/131.0" "-"
editor-1          | 172.30.1.1 - - [14/Oct/2024:13:12:48 +0000] "GET /extensions/compilation/package.nls.json HTTP/1.1" 404 153 "http://localhost:3022/?instanceUrl=http%3A%2F%2Flocalhost%3A8080%2Fdevices%2Fb3e96883-3439-4293-a4f3-2ff8f4f5a75d&deviceToken=0WcLVFLYUnL-Q1SkdTWFi0gPEzG2w7p4o0ONcAqlo9OCx1uLUjInuDyjR2ySP3TupDDLYYGxWhtAx-5SLrWjyg" "Mozilla/5.0 (Windows NT 10.0; Win64; x64; rv:131.0) Gecko/20100101 Firefox/131.0" "-"
editor-1          | 172.30.1.1 - - [14/Oct/2024:13:12:48 +0000] "GET /extensions/base/package.nls.json HTTP/1.1" 404 153 "http://localhost:3022/?instanceUrl=http%3A%2F%2Flocalhost%3A8080%2Fdevices%2Fb3e96883-3439-4293-a4f3-2ff8f4f5a75d&deviceToken=0WcLVFLYUnL-Q1SkdTWFi0gPEzG2w7p4o0ONcAqlo9OCx1uLUjInuDyjR2ySP3TupDDLYYGxWhtAx-5SLrWjyg" "Mozilla/5.0 (Windows NT 10.0; Win64; x64; rv:131.0) Gecko/20100101 Firefox/131.0" "-"
editor-1          | 172.30.1.1 - - [14/Oct/2024:13:12:48 +0000] "GET /extensions/debugging/package.nls.json HTTP/1.1" 404 153 "http://localhost:3022/?instanceUrl=http%3A%2F%2Flocalhost%3A8080%2Fdevices%2Fb3e96883-3439-4293-a4f3-2ff8f4f5a75d&deviceToken=0WcLVFLYUnL-Q1SkdTWFi0gPEzG2w7p4o0ONcAqlo9OCx1uLUjInuDyjR2ySP3TupDDLYYGxWhtAx-5SLrWjyg" "Mozilla/5.0 (Windows NT 10.0; Win64; x64; rv:131.0) Gecko/20100101 Firefox/131.0" "-"
editor-1          | 2024/10/14 13:12:48 [error] 49#49: *15 open() "/usr/share/nginx/html/extensions/debugging/package.nls.json" failed (2: No such file or directory), client: 172.30.1.1, server: localhost, request: "GET /extensions/debugging/package.nls.json HTTP/1.1", host: "localhost:3022", referrer: "http://localhost:3022/?instanceUrl=http%3A%2F%2Flocalhost%3A8080%2Fdevices%2Fb3e96883-3439-4293-a4f3-2ff8f4f5a75d&deviceToken=0WcLVFLYUnL-Q1SkdTWFi0gPEzG2w7p4o0ONcAqlo9OCx1uLUjInuDyjR2ySP3TupDDLYYGxWhtAx-5SLrWjyg"
editor-1          | 2024/10/14 13:12:48 [error] 45#45: *11 open() "/usr/share/nginx/html/extensions/base/package.nls.json" failed (2: No such file or directory), client: 172.30.1.1, server: localhost, request: "GET /extensions/base/package.nls.json HTTP/1.1", host: "localhost:3022", referrer: "http://localhost:3022/?instanceUrl=http%3A%2F%2Flocalhost%3A8080%2Fdevices%2Fb3e96883-3439-4293-a4f3-2ff8f4f5a75d&deviceToken=0WcLVFLYUnL-Q1SkdTWFi0gPEzG2w7p4o0ONcAqlo9OCx1uLUjInuDyjR2ySP3TupDDLYYGxWhtAx-5SLrWjyg"
editor-1          | 2024/10/14 13:12:48 [error] 46#46: *12 open() "/usr/share/nginx/html/extensions/debugging/package.nls.json" failed (2: No such file or directory), client: 172.30.1.1, server: localhost, request: "GET /extensions/debugging/package.nls.json HTTP/1.1", host: "localhost:3022", referrer: "http://localhost:3022/?instanceUrl=http%3A%2F%2Flocalhost%3A8080%2Fdevices%2Fb3e96883-3439-4293-a4f3-2ff8f4f5a75d&deviceToken=0WcLVFLYUnL-Q1SkdTWFi0gPEzG2w7p4o0ONcAqlo9OCx1uLUjInuDyjR2ySP3TupDDLYYGxWhtAx-5SLrWjyg"
editor-1          | 2024/10/14 13:12:48 [error] 44#44: *10 open() "/usr/share/nginx/html/extensions/filesystem/package.nls.json" failed (2: No such file or directory), client: 172.30.1.1, server: localhost, request: "GET /extensions/filesystem/package.nls.json HTTP/1.1", host: "localhost:3022", referrer: "http://localhost:3022/?instanceUrl=http%3A%2F%2Flocalhost%3A8080%2Fdevices%2Fb3e96883-3439-4293-a4f3-2ff8f4f5a75d&deviceToken=0WcLVFLYUnL-Q1SkdTWFi0gPEzG2w7p4o0ONcAqlo9OCx1uLUjInuDyjR2ySP3TupDDLYYGxWhtAx-5SLrWjyg"
editor-1          | 172.30.1.1 - - [14/Oct/2024:13:12:48 +0000] "GET /extensions/base/package.nls.json HTTP/1.1" 404 153 "http://localhost:3022/?instanceUrl=http%3A%2F%2Flocalhost%3A8080%2Fdevices%2Fb3e96883-3439-4293-a4f3-2ff8f4f5a75d&deviceToken=0WcLVFLYUnL-Q1SkdTWFi0gPEzG2w7p4o0ONcAqlo9OCx1uLUjInuDyjR2ySP3TupDDLYYGxWhtAx-5SLrWjyg" "Mozilla/5.0 (Windows NT 10.0; Win64; x64; rv:131.0) Gecko/20100101 Firefox/131.0" "-"
editor-1          | 172.30.1.1 - - [14/Oct/2024:13:12:48 +0000] "GET /extensions/debugging/package.nls.json HTTP/1.1" 404 153 "http://localhost:3022/?instanceUrl=http%3A%2F%2Flocalhost%3A8080%2Fdevices%2Fb3e96883-3439-4293-a4f3-2ff8f4f5a75d&deviceToken=0WcLVFLYUnL-Q1SkdTWFi0gPEzG2w7p4o0ONcAqlo9OCx1uLUjInuDyjR2ySP3TupDDLYYGxWhtAx-5SLrWjyg" "Mozilla/5.0 (Windows NT 10.0; Win64; x64; rv:131.0) Gecko/20100101 Firefox/131.0" "-"
editor-1          | 172.30.1.1 - - [14/Oct/2024:13:12:48 +0000] "GET /extensions/filesystem/package.nls.json HTTP/1.1" 404 153 "http://localhost:3022/?instanceUrl=http%3A%2F%2Flocalhost%3A8080%2Fdevices%2Fb3e96883-3439-4293-a4f3-2ff8f4f5a75d&deviceToken=0WcLVFLYUnL-Q1SkdTWFi0gPEzG2w7p4o0ONcAqlo9OCx1uLUjInuDyjR2ySP3TupDDLYYGxWhtAx-5SLrWjyg" "Mozilla/5.0 (Windows NT 10.0; Win64; x64; rv:131.0) Gecko/20100101 Firefox/131.0" "-"
editor-1          | 2024/10/14 13:12:48 [error] 48#48: *14 open() "/usr/share/nginx/html/extensions/filesystem/package.nls.json" failed (2: No such file or directory), client: 172.30.1.1, server: localhost, request: "GET /extensions/filesystem/package.nls.json HTTP/1.1", host: "localhost:3022", referrer: "http://localhost:3022/?instanceUrl=http%3A%2F%2Flocalhost%3A8080%2Fdevices%2Fb3e96883-3439-4293-a4f3-2ff8f4f5a75d&deviceToken=0WcLVFLYUnL-Q1SkdTWFi0gPEzG2w7p4o0ONcAqlo9OCx1uLUjInuDyjR2ySP3TupDDLYYGxWhtAx-5SLrWjyg"
editor-1          | 172.30.1.1 - - [14/Oct/2024:13:12:48 +0000] "GET /extensions/filesystem/package.nls.json HTTP/1.1" 404 153 "http://localhost:3022/?instanceUrl=http%3A%2F%2Flocalhost%3A8080%2Fdevices%2Fb3e96883-3439-4293-a4f3-2ff8f4f5a75d&deviceToken=0WcLVFLYUnL-Q1SkdTWFi0gPEzG2w7p4o0ONcAqlo9OCx1uLUjInuDyjR2ySP3TupDDLYYGxWhtAx-5SLrWjyg" "Mozilla/5.0 (Windows NT 10.0; Win64; x64; rv:131.0) Gecko/20100101 Firefox/131.0" "-"
editor-1          | 2024/10/14 13:12:48 [error] 47#47: *13 open() "/usr/share/nginx/html/extensions/compilation/package.nls.json" failed (2: No such file or directory), client: 172.30.1.1, server: localhost, request: "GET /extensions/compilation/package.nls.json HTTP/1.1", host: "localhost:3022", referrer: "http://localhost:3022/?instanceUrl=http%3A%2F%2Flocalhost%3A8080%2Fdevices%2Fb3e96883-3439-4293-a4f3-2ff8f4f5a75d&deviceToken=0WcLVFLYUnL-Q1SkdTWFi0gPEzG2w7p4o0ONcAqlo9OCx1uLUjInuDyjR2ySP3TupDDLYYGxWhtAx-5SLrWjyg"
editor-1          | 2024/10/14 13:12:48 [error] 49#49: *15 open() "/usr/share/nginx/html/extensions/debugging/package.nls.json" failed (2: No such file or directory), client: 172.30.1.1, server: localhost, request: "GET /extensions/debugging/package.nls.json HTTP/1.1", host: "localhost:3022", referrer: "http://localhost:3022/?instanceUrl=http%3A%2F%2Flocalhost%3A8080%2Fdevices%2Fb3e96883-3439-4293-a4f3-2ff8f4f5a75d&deviceToken=0WcLVFLYUnL-Q1SkdTWFi0gPEzG2w7p4o0ONcAqlo9OCx1uLUjInuDyjR2ySP3TupDDLYYGxWhtAx-5SLrWjyg"
editor-1          | 172.30.1.1 - - [14/Oct/2024:13:12:48 +0000] "GET /extensions/compilation/package.nls.json HTTP/1.1" 404 153 "http://localhost:3022/?instanceUrl=http%3A%2F%2Flocalhost%3A8080%2Fdevices%2Fb3e96883-3439-4293-a4f3-2ff8f4f5a75d&deviceToken=0WcLVFLYUnL-Q1SkdTWFi0gPEzG2w7p4o0ONcAqlo9OCx1uLUjInuDyjR2ySP3TupDDLYYGxWhtAx-5SLrWjyg" "Mozilla/5.0 (Windows NT 10.0; Win64; x64; rv:131.0) Gecko/20100101 Firefox/131.0" "-"
editor-1          | 172.30.1.1 - - [14/Oct/2024:13:12:48 +0000] "GET /extensions/debugging/package.nls.json HTTP/1.1" 404 153 "http://localhost:3022/?instanceUrl=http%3A%2F%2Flocalhost%3A8080%2Fdevices%2Fb3e96883-3439-4293-a4f3-2ff8f4f5a75d&deviceToken=0WcLVFLYUnL-Q1SkdTWFi0gPEzG2w7p4o0ONcAqlo9OCx1uLUjInuDyjR2ySP3TupDDLYYGxWhtAx-5SLrWjyg" "Mozilla/5.0 (Windows NT 10.0; Win64; x64; rv:131.0) Gecko/20100101 Firefox/131.0" "-"
device-1          | {"level":"info","message":"getDevicesByDeviceId called","requestID":"02c04b20-8a2e-11ef-bfc5-5fc251c22e64"}
device-1          | {"level":"info","message":"getDevicesByDeviceId called","requestID":"02c07230-8a2e-11ef-bfc5-5fc251c22e64"}
device-1          | {"level":"info","message":"getDevicesByDeviceId called","requestID":"02c09940-8a2e-11ef-bfc5-5fc251c22e64"}
device-1          | {"level":"info","message":"getDevicesByDeviceId called","requestID":"02c0c050-8a2e-11ef-bfc5-5fc251c22e64"}
authorization-1   | {"client_addr":"127.0.0.1:38950","level":"info","msg":"Received request.","req_id":58,"req_method":"POST","req_path":"/v1/data/crosslab","subsystem":"opa","time":"2024-10-14T13:12:49Z"}
authorization-1   | {"client_addr":"127.0.0.1:38950","level":"info","msg":"Sent response.","req_id":58,"req_method":"POST","req_path":"/v1/data/crosslab","resp_bytes":657,"resp_duration":0.724484,"resp_status":200,"subsystem":"opa","time":"2024-10-14T13:12:49Z"}
authorization-1   | {"action":"view","level":"info","message":"opa_check","object":"device:http://gateway:80/devices/b3e96883-3439-4293-a4f3-2ff8f4f5a75d","openfga":{"authorization_model_id":"01JA5JH5HQ8Z12J7BR0RSH437H","store":"01JA5JH5GZXDSX38QBXMM5AT26"},"requestID":"02c04b20-8a2e-11ef-bfc5-5fc251c22e64","response":{"result":{"allow":true,"enc":"user:http%3A%2F%2Fgateway%3A80%2Fusers%2F87e20c7a-4630-4ce3-b973-d37a29cf2230","object":"device:http://gateway:80/devices/b3e96883-3439-4293-a4f3-2ff8f4f5a75d","object_type":"device","payload":{"admin":true,"edgeToken":"YDxaQYMSV2HKvd7pbus7cpr6B6IeyOgCk4N6rPnAP_0Z1rz4l5RhlzucY5dQil3VggNzclSIvwRmE6r_3IJBiQ","iat":1728911563,"sub":"http://gateway:80/users/87e20c7a-4630-4ce3-b973-d37a29cf2230"},"rebac_allow":true,"scope_allow":true,"scopes":["read","write","connect"],"subject":"user:http://gateway:80/users/87e20c7a-4630-4ce3-b973-d37a29cf2230","subject_alt":"http://gateway:80/users/87e20c7a-4630-4ce3-b973-d37a29cf2230"}},"subject":"eyJhbGciOiJIUzI1NiJ9.eyJzdWIiOiJodHRwOi8vZ2F0ZXdheTo4MC91c2Vycy84N2UyMGM3YS00NjMwLTRjZTMtYjk3My1kMzdhMjljZjIyMzAiLCJlZGdlVG9rZW4iOiJZRHhhUVlNU1YySEt2ZDdwYnVzN2NwcjZCNklleU9nQ2s0TjZyUG5BUF8wWjFyejRsNVJobHp1Y1k1ZFFpbDNWZ2dOemNsU0l2d1JtRTZyXzNJSkJpUSIsImFkbWluIjp0cnVlLCJpYXQiOjE3Mjg5MTE1NjN9.u-BEZC80xYD8hWdy8CHOQ40REJbRbd80wz3xOahI3zA"}
authorization-1   | {"level":"info","message":"POST /authorize 200 3ms","method":"POST","requestID":"02c04b20-8a2e-11ef-bfc5-5fc251c22e64","responseTime":3,"status":200,"url":"/authorize"}
authorization-1   | {"client_addr":"127.0.0.1:38950","level":"info","msg":"Received request.","req_id":59,"req_method":"POST","req_path":"/v1/data/crosslab","subsystem":"opa","time":"2024-10-14T13:12:49Z"}
authorization-1   | {"client_addr":"127.0.0.1:38950","level":"info","msg":"Sent response.","req_id":59,"req_method":"POST","req_path":"/v1/data/crosslab","resp_bytes":657,"resp_duration":0.372877,"resp_status":200,"subsystem":"opa","time":"2024-10-14T13:12:49Z"}
authorization-1   | {"action":"view","level":"info","message":"opa_check","object":"device:http://gateway:80/devices/51646f3d-2ddd-4728-9c2d-704c7d3e9775","openfga":{"authorization_model_id":"01JA5JH5HQ8Z12J7BR0RSH437H","store":"01JA5JH5GZXDSX38QBXMM5AT26"},"requestID":"02c09940-8a2e-11ef-bfc5-5fc251c22e64","response":{"result":{"allow":true,"enc":"user:http%3A%2F%2Fgateway%3A80%2Fusers%2F87e20c7a-4630-4ce3-b973-d37a29cf2230","object":"device:http://gateway:80/devices/51646f3d-2ddd-4728-9c2d-704c7d3e9775","object_type":"device","payload":{"admin":true,"edgeToken":"YDxaQYMSV2HKvd7pbus7cpr6B6IeyOgCk4N6rPnAP_0Z1rz4l5RhlzucY5dQil3VggNzclSIvwRmE6r_3IJBiQ","iat":1728911563,"sub":"http://gateway:80/users/87e20c7a-4630-4ce3-b973-d37a29cf2230"},"rebac_allow":true,"scope_allow":true,"scopes":["read","write","connect"],"subject":"user:http://gateway:80/users/87e20c7a-4630-4ce3-b973-d37a29cf2230","subject_alt":"http://gateway:80/users/87e20c7a-4630-4ce3-b973-d37a29cf2230"}},"subject":"eyJhbGciOiJIUzI1NiJ9.eyJzdWIiOiJodHRwOi8vZ2F0ZXdheTo4MC91c2Vycy84N2UyMGM3YS00NjMwLTRjZTMtYjk3My1kMzdhMjljZjIyMzAiLCJlZGdlVG9rZW4iOiJZRHhhUVlNU1YySEt2ZDdwYnVzN2NwcjZCNklleU9nQ2s0TjZyUG5BUF8wWjFyejRsNVJobHp1Y1k1ZFFpbDNWZ2dOemNsU0l2d1JtRTZyXzNJSkJpUSIsImFkbWluIjp0cnVlLCJpYXQiOjE3Mjg5MTE1NjN9.u-BEZC80xYD8hWdy8CHOQ40REJbRbd80wz3xOahI3zA"}
authorization-1   | {"level":"info","message":"POST /authorize 200 2ms","method":"POST","requestID":"02c09940-8a2e-11ef-bfc5-5fc251c22e64","responseTime":2,"status":200,"url":"/authorize"}
authorization-1   | {"build.commit":"bc6a45ade4ae02d389b2588ae3bb4676fdcf77ec","build.version":"v1.2.0","grpc_code":0,"grpc_method":"Read","grpc_service":"openfga.v1.OpenFGAService","grpc_type":"unary","level":"info","message":"grpc_req_complete","peer.address":"127.0.0.1:42074","raw_request":{"continuation_token":"","page_size":null,"store_id":"01JA5JH5GZXDSX38QBXMM5AT26","tuple_key":{"object":"device:http%3A%2F%2Fgateway%3A80%2Fdevices%2Fb3e96883-3439-4293-a4f3-2ff8f4f5a75d","relation":"","user":""}},"raw_response":{"continuation_token":"","tuples":[{"key":{"object":"device:http%3A%2F%2Fgateway%3A80%2Fdevices%2Fb3e96883-3439-4293-a4f3-2ff8f4f5a75d","relation":"owner","user":"user:http%3A%2F%2Fgateway%3A80%2Fusers%2F87e20c7a-4630-4ce3-b973-d37a29cf2230"},"timestamp":"2024-10-14T13:12:43.803396325Z"}]},"request_id":"7446b837-c972-41cf-8513-e7054f224a86","store_id":"01JA5JH5GZXDSX38QBXMM5AT26","subsystem":"openfga","timestamp":1728911569.1145205}
authorization-1   | {"build.commit":"bc6a45ade4ae02d389b2588ae3bb4676fdcf77ec","build.version":"v1.2.0","grpc_code":0,"grpc_method":"Read","grpc_service":"openfga.v1.OpenFGAService","grpc_type":"unary","level":"info","message":"grpc_req_complete","peer.address":"127.0.0.1:42074","raw_request":{"continuation_token":"","page_size":null,"store_id":"01JA5JH5GZXDSX38QBXMM5AT26","tuple_key":{"object":"device:http%3A%2F%2Fgateway%3A80%2Fdevices%2F51646f3d-2ddd-4728-9c2d-704c7d3e9775","relation":"","user":""}},"raw_response":{"continuation_token":"","tuples":[{"key":{"object":"device:http%3A%2F%2Fgateway%3A80%2Fdevices%2F51646f3d-2ddd-4728-9c2d-704c7d3e9775","relation":"owner","user":"user:http%3A%2F%2Fgateway%3A80%2Fusers%2F87e20c7a-4630-4ce3-b973-d37a29cf2230"},"timestamp":"2024-10-14T13:12:43.834518338Z"}]},"request_id":"c2fc6599-87c9-48e5-b218-81260df1c901","store_id":"01JA5JH5GZXDSX38QBXMM5AT26","subsystem":"openfga","timestamp":1728911569.1149487}
authorization-1   | {"level":"info","message":"POST /relations/query 200 2ms","method":"POST","requestID":"02c04b20-8a2e-11ef-bfc5-5fc251c22e64","responseTime":2,"status":200,"url":"/relations/query"}
authorization-1   | {"client_addr":"127.0.0.1:38976","level":"info","msg":"Received request.","req_id":60,"req_method":"POST","req_path":"/v1/data/crosslab","subsystem":"opa","time":"2024-10-14T13:12:49Z"}
authorization-1   | {"client_addr":"127.0.0.1:38976","level":"info","msg":"Sent response.","req_id":60,"req_method":"POST","req_path":"/v1/data/crosslab","resp_bytes":657,"resp_duration":0.455103,"resp_status":200,"subsystem":"opa","time":"2024-10-14T13:12:49Z"}
authorization-1   | {"level":"info","message":"POST /relations/query 200 2ms","method":"POST","requestID":"02c09940-8a2e-11ef-bfc5-5fc251c22e64","responseTime":2,"status":200,"url":"/relations/query"}
authorization-1   | {"action":"view","level":"info","message":"opa_check","object":"device:http://gateway:80/devices/9d303d5d-a270-444e-ad02-4afb3c6ce93c","openfga":{"authorization_model_id":"01JA5JH5HQ8Z12J7BR0RSH437H","store":"01JA5JH5GZXDSX38QBXMM5AT26"},"requestID":"02c07230-8a2e-11ef-bfc5-5fc251c22e64","response":{"result":{"allow":true,"enc":"user:http%3A%2F%2Fgateway%3A80%2Fusers%2F87e20c7a-4630-4ce3-b973-d37a29cf2230","object":"device:http://gateway:80/devices/9d303d5d-a270-444e-ad02-4afb3c6ce93c","object_type":"device","payload":{"admin":true,"edgeToken":"YDxaQYMSV2HKvd7pbus7cpr6B6IeyOgCk4N6rPnAP_0Z1rz4l5RhlzucY5dQil3VggNzclSIvwRmE6r_3IJBiQ","iat":1728911563,"sub":"http://gateway:80/users/87e20c7a-4630-4ce3-b973-d37a29cf2230"},"rebac_allow":true,"scope_allow":true,"scopes":["read","write","connect"],"subject":"user:http://gateway:80/users/87e20c7a-4630-4ce3-b973-d37a29cf2230","subject_alt":"http://gateway:80/users/87e20c7a-4630-4ce3-b973-d37a29cf2230"}},"subject":"eyJhbGciOiJIUzI1NiJ9.eyJzdWIiOiJodHRwOi8vZ2F0ZXdheTo4MC91c2Vycy84N2UyMGM3YS00NjMwLTRjZTMtYjk3My1kMzdhMjljZjIyMzAiLCJlZGdlVG9rZW4iOiJZRHhhUVlNU1YySEt2ZDdwYnVzN2NwcjZCNklleU9nQ2s0TjZyUG5BUF8wWjFyejRsNVJobHp1Y1k1ZFFpbDNWZ2dOemNsU0l2d1JtRTZyXzNJSkJpUSIsImFkbWluIjp0cnVlLCJpYXQiOjE3Mjg5MTE1NjN9.u-BEZC80xYD8hWdy8CHOQ40REJbRbd80wz3xOahI3zA"}
authorization-1   | {"level":"info","message":"POST /authorize 200 6ms","method":"POST","requestID":"02c07230-8a2e-11ef-bfc5-5fc251c22e64","responseTime":6,"status":200,"url":"/authorize"}
authorization-1   | {"client_addr":"127.0.0.1:38990","level":"info","msg":"Received request.","req_id":61,"req_method":"POST","req_path":"/v1/data/crosslab","subsystem":"opa","time":"2024-10-14T13:12:49Z"}
authorization-1   | {"client_addr":"127.0.0.1:38990","level":"info","msg":"Sent response.","req_id":61,"req_method":"POST","req_path":"/v1/data/crosslab","resp_bytes":657,"resp_duration":0.306211,"resp_status":200,"subsystem":"opa","time":"2024-10-14T13:12:49Z"}
authorization-1   | {"action":"view","level":"info","message":"opa_check","object":"device:http://gateway:80/devices/274cbfa1-3975-4a1b-a79e-8248af72f814","openfga":{"authorization_model_id":"01JA5JH5HQ8Z12J7BR0RSH437H","store":"01JA5JH5GZXDSX38QBXMM5AT26"},"requestID":"02c0c050-8a2e-11ef-bfc5-5fc251c22e64","response":{"result":{"allow":true,"enc":"user:http%3A%2F%2Fgateway%3A80%2Fusers%2F87e20c7a-4630-4ce3-b973-d37a29cf2230","object":"device:http://gateway:80/devices/274cbfa1-3975-4a1b-a79e-8248af72f814","object_type":"device","payload":{"admin":true,"edgeToken":"YDxaQYMSV2HKvd7pbus7cpr6B6IeyOgCk4N6rPnAP_0Z1rz4l5RhlzucY5dQil3VggNzclSIvwRmE6r_3IJBiQ","iat":1728911563,"sub":"http://gateway:80/users/87e20c7a-4630-4ce3-b973-d37a29cf2230"},"rebac_allow":true,"scope_allow":true,"scopes":["read","write","connect"],"subject":"user:http://gateway:80/users/87e20c7a-4630-4ce3-b973-d37a29cf2230","subject_alt":"http://gateway:80/users/87e20c7a-4630-4ce3-b973-d37a29cf2230"}},"subject":"eyJhbGciOiJIUzI1NiJ9.eyJzdWIiOiJodHRwOi8vZ2F0ZXdheTo4MC91c2Vycy84N2UyMGM3YS00NjMwLTRjZTMtYjk3My1kMzdhMjljZjIyMzAiLCJlZGdlVG9rZW4iOiJZRHhhUVlNU1YySEt2ZDdwYnVzN2NwcjZCNklleU9nQ2s0TjZyUG5BUF8wWjFyejRsNVJobHp1Y1k1ZFFpbDNWZ2dOemNsU0l2d1JtRTZyXzNJSkJpUSIsImFkbWluIjp0cnVlLCJpYXQiOjE3Mjg5MTE1NjN9.u-BEZC80xYD8hWdy8CHOQ40REJbRbd80wz3xOahI3zA"}
authorization-1   | {"level":"info","message":"POST /authorize 200 6ms","method":"POST","requestID":"02c0c050-8a2e-11ef-bfc5-5fc251c22e64","responseTime":6,"status":200,"url":"/authorize"}
device-1          | {"level":"info","message":"getDevicesByDeviceId succeeded","requestID":"02c04b20-8a2e-11ef-bfc5-5fc251c22e64"}
device-1          | {"level":"info","message":"GET /devices/b3e96883-3439-4293-a4f3-2ff8f4f5a75d? 200 12ms","method":"GET","requestID":"02c04b20-8a2e-11ef-bfc5-5fc251c22e64","responseTime":12,"status":200,"url":"/devices/b3e96883-3439-4293-a4f3-2ff8f4f5a75d?"}
authorization-1   | {"build.commit":"bc6a45ade4ae02d389b2588ae3bb4676fdcf77ec","build.version":"v1.2.0","grpc_code":0,"grpc_method":"Read","grpc_service":"openfga.v1.OpenFGAService","grpc_type":"unary","level":"info","message":"grpc_req_complete","peer.address":"127.0.0.1:42074","raw_request":{"continuation_token":"","page_size":null,"store_id":"01JA5JH5GZXDSX38QBXMM5AT26","tuple_key":{"object":"device:http%3A%2F%2Fgateway%3A80%2Fdevices%2F9d303d5d-a270-444e-ad02-4afb3c6ce93c","relation":"","user":""}},"raw_response":{"continuation_token":"","tuples":[{"key":{"object":"device:http%3A%2F%2Fgateway%3A80%2Fdevices%2F9d303d5d-a270-444e-ad02-4afb3c6ce93c","relation":"owner","user":"user:http%3A%2F%2Fgateway%3A80%2Fusers%2F87e20c7a-4630-4ce3-b973-d37a29cf2230"},"timestamp":"2024-10-14T13:12:43.945663556Z"}]},"request_id":"3fc5ac31-cb56-461f-b116-630334b97c7e","store_id":"01JA5JH5GZXDSX38QBXMM5AT26","subsystem":"openfga","timestamp":1728911569.1194422}
device-1          | {"level":"info","message":"getDevicesByDeviceId succeeded","requestID":"02c09940-8a2e-11ef-bfc5-5fc251c22e64"}
authorization-1   | {"level":"info","message":"POST /relations/query 200 3ms","method":"POST","requestID":"02c07230-8a2e-11ef-bfc5-5fc251c22e64","responseTime":3,"status":200,"url":"/relations/query"}
device-1          | {"level":"info","message":"GET /devices/51646f3d-2ddd-4728-9c2d-704c7d3e9775? 200 14ms","method":"GET","requestID":"02c09940-8a2e-11ef-bfc5-5fc251c22e64","responseTime":14,"status":200,"url":"/devices/51646f3d-2ddd-4728-9c2d-704c7d3e9775?"}
authorization-1   | {"build.commit":"bc6a45ade4ae02d389b2588ae3bb4676fdcf77ec","build.version":"v1.2.0","grpc_code":0,"grpc_method":"Read","grpc_service":"openfga.v1.OpenFGAService","grpc_type":"unary","level":"info","message":"grpc_req_complete","peer.address":"127.0.0.1:42074","raw_request":{"continuation_token":"","page_size":null,"store_id":"01JA5JH5GZXDSX38QBXMM5AT26","tuple_key":{"object":"device:http%3A%2F%2Fgateway%3A80%2Fdevices%2F274cbfa1-3975-4a1b-a79e-8248af72f814","relation":"","user":""}},"raw_response":{"continuation_token":"","tuples":[{"key":{"object":"device:http%3A%2F%2Fgateway%3A80%2Fdevices%2F274cbfa1-3975-4a1b-a79e-8248af72f814","relation":"owner","user":"user:http%3A%2F%2Fgateway%3A80%2Fusers%2F87e20c7a-4630-4ce3-b973-d37a29cf2230"},"timestamp":"2024-10-14T13:12:44.037469129Z"}]},"request_id":"5b47bb4f-07b9-443f-a4b5-efd11615cce8","store_id":"01JA5JH5GZXDSX38QBXMM5AT26","subsystem":"openfga","timestamp":1728911569.1205668}
authorization-1   | {"level":"info","message":"POST /relations/query 200 3ms","method":"POST","requestID":"02c0c050-8a2e-11ef-bfc5-5fc251c22e64","responseTime":3,"status":200,"url":"/relations/query"}
device-1          | {"level":"info","message":"getDevicesByDeviceId succeeded","requestID":"02c07230-8a2e-11ef-bfc5-5fc251c22e64"}
device-1          | {"level":"info","message":"GET /devices/9d303d5d-a270-444e-ad02-4afb3c6ce93c? 200 18ms","method":"GET","requestID":"02c07230-8a2e-11ef-bfc5-5fc251c22e64","responseTime":18,"status":200,"url":"/devices/9d303d5d-a270-444e-ad02-4afb3c6ce93c?"}
device-1          | {"level":"info","message":"getDevicesByDeviceId succeeded","requestID":"02c0c050-8a2e-11ef-bfc5-5fc251c22e64"}
device-1          | {"level":"info","message":"GET /devices/274cbfa1-3975-4a1b-a79e-8248af72f814? 200 16ms","method":"GET","requestID":"02c0c050-8a2e-11ef-bfc5-5fc251c22e64","responseTime":16,"status":200,"url":"/devices/274cbfa1-3975-4a1b-a79e-8248af72f814?"}
device-1          | {"level":"info","message":"postDevicesByDeviceIdSignaling called","requestID":"02c35860-8a2e-11ef-bfc5-5fc251c22e64"}
authorization-1   | {"client_addr":"127.0.0.1:38950","level":"info","msg":"Received request.","req_id":62,"req_method":"POST","req_path":"/v1/data/crosslab","subsystem":"opa","time":"2024-10-14T13:12:49Z"}
authorization-1   | {"authorization_model_id":"01JA5JH5HQ8Z12J7BR0RSH437H","build.commit":"bc6a45ade4ae02d389b2588ae3bb4676fdcf77ec","build.version":"v1.2.0","grpc_code":0,"grpc_method":"Check","grpc_service":"openfga.v1.OpenFGAService","grpc_type":"unary","level":"info","message":"grpc_req_complete","peer.address":"127.0.0.1:42074","raw_request":{"authorization_model_id":"01JA5JH5HQ8Z12J7BR0RSH437H","contextual_tuples":null,"store_id":"01JA5JH5GZXDSX38QBXMM5AT26","trace":false,"tuple_key":{"object":"device:http%3A%2F%2Fgateway%3A80%2Fdevices%2Fb3e96883-3439-4293-a4f3-2ff8f4f5a75d","relation":"viewer","user":"user:experiment-service"}},"raw_response":{"allowed":false,"resolution":""},"request_id":"c0f1b457-170c-40f1-af76-eae1f2102b7e","store_id":"01JA5JH5GZXDSX38QBXMM5AT26","subsystem":"openfga","timestamp":1728911569.130642}
authorization-1   | {"client_addr":"127.0.0.1:38950","level":"info","msg":"Sent response.","req_id":62,"req_method":"POST","req_path":"/v1/data/crosslab","resp_bytes":308,"resp_duration":2.814948,"resp_status":200,"subsystem":"opa","time":"2024-10-14T13:12:49Z"}
authorization-1   | {"action":"message","level":"info","message":"opa_check","object":"device:http://gateway:80/devices/b3e96883-3439-4293-a4f3-2ff8f4f5a75d","openfga":{"authorization_model_id":"01JA5JH5HQ8Z12J7BR0RSH437H","store":"01JA5JH5GZXDSX38QBXMM5AT26"},"requestID":"02c35860-8a2e-11ef-bfc5-5fc251c22e64","response":{"result":{"allow":true,"enc":"user:experiment-service","object":"device:http://gateway:80/devices/b3e96883-3439-4293-a4f3-2ff8f4f5a75d","object_type":"device","rebac_allow":false,"scope_allow":true,"scopes":["read","write","connect"],"subject":"user:experiment-service","subject_alt":"experiment-service"}},"subject":"experiment-service"}
authorization-1   | {"level":"info","message":"POST /authorize 200 4ms","method":"POST","requestID":"02c35860-8a2e-11ef-bfc5-5fc251c22e64","responseTime":4,"status":200,"url":"/authorize"}
device-1          | {"level":"info","message":"postDevicesByDeviceIdSignaling succeeded","requestID":"02c35860-8a2e-11ef-bfc5-5fc251c22e64"}
device-1          | {"level":"info","message":"POST /devices/b3e96883-3439-4293-a4f3-2ff8f4f5a75d/signaling 200 7ms","method":"POST","requestID":"02c35860-8a2e-11ef-bfc5-5fc251c22e64","responseTime":7,"status":200,"url":"/devices/b3e96883-3439-4293-a4f3-2ff8f4f5a75d/signaling"}
helper-gateway-1  | sending websocket message!
device-1          | {"level":"info","message":"postDevicesByDeviceIdSignaling called","requestID":"02c4b7f0-8a2e-11ef-bfc5-5fc251c22e64"}
authorization-1   | {"client_addr":"127.0.0.1:38950","level":"info","msg":"Received request.","req_id":63,"req_method":"POST","req_path":"/v1/data/crosslab","subsystem":"opa","time":"2024-10-14T13:12:49Z"}
authorization-1   | {"authorization_model_id":"01JA5JH5HQ8Z12J7BR0RSH437H","build.commit":"bc6a45ade4ae02d389b2588ae3bb4676fdcf77ec","build.version":"v1.2.0","grpc_code":0,"grpc_method":"Check","grpc_service":"openfga.v1.OpenFGAService","grpc_type":"unary","level":"info","message":"grpc_req_complete","peer.address":"127.0.0.1:42074","raw_request":{"authorization_model_id":"01JA5JH5HQ8Z12J7BR0RSH437H","contextual_tuples":null,"store_id":"01JA5JH5GZXDSX38QBXMM5AT26","trace":false,"tuple_key":{"object":"device:http%3A%2F%2Fgateway%3A80%2Fdevices%2F51646f3d-2ddd-4728-9c2d-704c7d3e9775","relation":"viewer","user":"user:experiment-service"}},"raw_response":{"allowed":false,"resolution":""},"request_id":"e32a0c7a-009d-4932-8b3e-7c2e72d6c1b4","store_id":"01JA5JH5GZXDSX38QBXMM5AT26","subsystem":"openfga","timestamp":1728911569.138084}
authorization-1   | {"client_addr":"127.0.0.1:38950","level":"info","msg":"Sent response.","req_id":63,"req_method":"POST","req_path":"/v1/data/crosslab","resp_bytes":308,"resp_duration":1.904252,"resp_status":200,"subsystem":"opa","time":"2024-10-14T13:12:49Z"}
authorization-1   | {"action":"message","level":"info","message":"opa_check","object":"device:http://gateway:80/devices/51646f3d-2ddd-4728-9c2d-704c7d3e9775","openfga":{"authorization_model_id":"01JA5JH5HQ8Z12J7BR0RSH437H","store":"01JA5JH5GZXDSX38QBXMM5AT26"},"requestID":"02c4b7f0-8a2e-11ef-bfc5-5fc251c22e64","response":{"result":{"allow":true,"enc":"user:experiment-service","object":"device:http://gateway:80/devices/51646f3d-2ddd-4728-9c2d-704c7d3e9775","object_type":"device","rebac_allow":false,"scope_allow":true,"scopes":["read","write","connect"],"subject":"user:experiment-service","subject_alt":"experiment-service"}},"subject":"experiment-service"}
authorization-1   | {"level":"info","message":"POST /authorize 200 3ms","method":"POST","requestID":"02c4b7f0-8a2e-11ef-bfc5-5fc251c22e64","responseTime":3,"status":200,"url":"/authorize"}
device-1          | {"level":"info","message":"postDevicesByDeviceIdSignaling succeeded","requestID":"02c4b7f0-8a2e-11ef-bfc5-5fc251c22e64"}
device-1          | {"level":"info","message":"POST /devices/51646f3d-2ddd-4728-9c2d-704c7d3e9775/signaling 200 5ms","method":"POST","requestID":"02c4b7f0-8a2e-11ef-bfc5-5fc251c22e64","responseTime":5,"status":200,"url":"/devices/51646f3d-2ddd-4728-9c2d-704c7d3e9775/signaling"}
device-1          | {"level":"info","message":"postDevicesByDeviceIdSignaling called","requestID":"02c5a250-8a2e-11ef-bfc5-5fc251c22e64"}
authorization-1   | {"client_addr":"127.0.0.1:38950","level":"info","msg":"Received request.","req_id":64,"req_method":"POST","req_path":"/v1/data/crosslab","subsystem":"opa","time":"2024-10-14T13:12:49Z"}
authorization-1   | {"authorization_model_id":"01JA5JH5HQ8Z12J7BR0RSH437H","build.commit":"bc6a45ade4ae02d389b2588ae3bb4676fdcf77ec","build.version":"v1.2.0","grpc_code":0,"grpc_method":"Check","grpc_service":"openfga.v1.OpenFGAService","grpc_type":"unary","level":"info","message":"grpc_req_complete","peer.address":"127.0.0.1:42074","raw_request":{"authorization_model_id":"01JA5JH5HQ8Z12J7BR0RSH437H","contextual_tuples":null,"store_id":"01JA5JH5GZXDSX38QBXMM5AT26","trace":false,"tuple_key":{"object":"device:http%3A%2F%2Fgateway%3A80%2Fdevices%2F9d303d5d-a270-444e-ad02-4afb3c6ce93c","relation":"viewer","user":"user:experiment-service"}},"raw_response":{"allowed":false,"resolution":""},"request_id":"76d74a45-31b6-499c-948d-a746f4b63f71","store_id":"01JA5JH5GZXDSX38QBXMM5AT26","subsystem":"openfga","timestamp":1728911569.1446111}
authorization-1   | {"client_addr":"127.0.0.1:38950","level":"info","msg":"Sent response.","req_id":64,"req_method":"POST","req_path":"/v1/data/crosslab","resp_bytes":308,"resp_duration":1.673516,"resp_status":200,"subsystem":"opa","time":"2024-10-14T13:12:49Z"}
authorization-1   | {"action":"message","level":"info","message":"opa_check","object":"device:http://gateway:80/devices/9d303d5d-a270-444e-ad02-4afb3c6ce93c","openfga":{"authorization_model_id":"01JA5JH5HQ8Z12J7BR0RSH437H","store":"01JA5JH5GZXDSX38QBXMM5AT26"},"requestID":"02c5a250-8a2e-11ef-bfc5-5fc251c22e64","response":{"result":{"allow":true,"enc":"user:experiment-service","object":"device:http://gateway:80/devices/9d303d5d-a270-444e-ad02-4afb3c6ce93c","object_type":"device","rebac_allow":false,"scope_allow":true,"scopes":["read","write","connect"],"subject":"user:experiment-service","subject_alt":"experiment-service"}},"subject":"experiment-service"}
authorization-1   | {"level":"info","message":"POST /authorize 200 4ms","method":"POST","requestID":"02c5a250-8a2e-11ef-bfc5-5fc251c22e64","responseTime":4,"status":200,"url":"/authorize"}
device-1          | {"level":"info","message":"postDevicesByDeviceIdSignaling succeeded","requestID":"02c5a250-8a2e-11ef-bfc5-5fc251c22e64"}
device-1          | {"level":"info","message":"POST /devices/9d303d5d-a270-444e-ad02-4afb3c6ce93c/signaling 200 6ms","method":"POST","requestID":"02c5a250-8a2e-11ef-bfc5-5fc251c22e64","responseTime":6,"status":200,"url":"/devices/9d303d5d-a270-444e-ad02-4afb3c6ce93c/signaling"}
device-1          | {"level":"info","message":"postDevicesByDeviceIdSignaling called","requestID":"02c6b3c0-8a2e-11ef-bfc5-5fc251c22e64"}
authorization-1   | {"client_addr":"127.0.0.1:38950","level":"info","msg":"Received request.","req_id":65,"req_method":"POST","req_path":"/v1/data/crosslab","subsystem":"opa","time":"2024-10-14T13:12:49Z"}
authorization-1   | {"authorization_model_id":"01JA5JH5HQ8Z12J7BR0RSH437H","build.commit":"bc6a45ade4ae02d389b2588ae3bb4676fdcf77ec","build.version":"v1.2.0","grpc_code":0,"grpc_method":"Check","grpc_service":"openfga.v1.OpenFGAService","grpc_type":"unary","level":"info","message":"grpc_req_complete","peer.address":"127.0.0.1:42074","raw_request":{"authorization_model_id":"01JA5JH5HQ8Z12J7BR0RSH437H","contextual_tuples":null,"store_id":"01JA5JH5GZXDSX38QBXMM5AT26","trace":false,"tuple_key":{"object":"device:http%3A%2F%2Fgateway%3A80%2Fdevices%2F274cbfa1-3975-4a1b-a79e-8248af72f814","relation":"viewer","user":"user:experiment-service"}},"raw_response":{"allowed":false,"resolution":""},"request_id":"c8f34ce0-e636-42bd-a5c3-33d1b208c400","store_id":"01JA5JH5GZXDSX38QBXMM5AT26","subsystem":"openfga","timestamp":1728911569.1511662}
authorization-1   | {"client_addr":"127.0.0.1:38950","level":"info","msg":"Sent response.","req_id":65,"req_method":"POST","req_path":"/v1/data/crosslab","resp_bytes":308,"resp_duration":1.620526,"resp_status":200,"subsystem":"opa","time":"2024-10-14T13:12:49Z"}
authorization-1   | {"action":"message","level":"info","message":"opa_check","object":"device:http://gateway:80/devices/274cbfa1-3975-4a1b-a79e-8248af72f814","openfga":{"authorization_model_id":"01JA5JH5HQ8Z12J7BR0RSH437H","store":"01JA5JH5GZXDSX38QBXMM5AT26"},"requestID":"02c6b3c0-8a2e-11ef-bfc5-5fc251c22e64","response":{"result":{"allow":true,"enc":"user:experiment-service","object":"device:http://gateway:80/devices/274cbfa1-3975-4a1b-a79e-8248af72f814","object_type":"device","rebac_allow":false,"scope_allow":true,"scopes":["read","write","connect"],"subject":"user:experiment-service","subject_alt":"experiment-service"}},"subject":"experiment-service"}
authorization-1   | {"level":"info","message":"POST /authorize 200 3ms","method":"POST","requestID":"02c6b3c0-8a2e-11ef-bfc5-5fc251c22e64","responseTime":3,"status":200,"url":"/authorize"}
device-1          | {"level":"info","message":"postDevicesByDeviceIdSignaling succeeded","requestID":"02c6b3c0-8a2e-11ef-bfc5-5fc251c22e64"}
helper-gateway-1  | sending websocket message!
device-1          | {"level":"info","message":"POST /devices/274cbfa1-3975-4a1b-a79e-8248af72f814/signaling 200 6ms","method":"POST","requestID":"02c6b3c0-8a2e-11ef-bfc5-5fc251c22e64","responseTime":6,"status":200,"url":"/devices/274cbfa1-3975-4a1b-a79e-8248af72f814/signaling"}
experiment-1      | {"data":{"experimentUrl":"http://gateway:80/experiments/094bb315-92f8-4d2f-8de7-da1759d9b0e9"},"level":"info","message":"Attempting to create peerconnections for experiment","requestID":"689426ae30cbf58563a61cc27f07c7db"}
device-1          | {"level":"info","message":"getDevicesByDeviceId called","requestID":"02c7ec40-8a2e-11ef-bfc5-5fc251c22e64"}
device-1          | {"level":"info","message":"getDevicesByDeviceId called","requestID":"02c7ec41-8a2e-11ef-bfc5-5fc251c22e64"}
device-1          | {"level":"info","message":"getDevicesByDeviceId called","requestID":"02c81350-8a2e-11ef-bfc5-5fc251c22e64"}
device-1          | {"level":"info","message":"getDevicesByDeviceId called","requestID":"02c83a60-8a2e-11ef-bfc5-5fc251c22e64"}
authorization-1   | {"client_addr":"127.0.0.1:38950","level":"info","msg":"Received request.","req_id":66,"req_method":"POST","req_path":"/v1/data/crosslab","subsystem":"opa","time":"2024-10-14T13:12:49Z"}
authorization-1   | {"client_addr":"127.0.0.1:38950","level":"info","msg":"Sent response.","req_id":66,"req_method":"POST","req_path":"/v1/data/crosslab","resp_bytes":657,"resp_duration":0.383557,"resp_status":200,"subsystem":"opa","time":"2024-10-14T13:12:49Z"}
authorization-1   | {"client_addr":"127.0.0.1:38976","level":"info","msg":"Received request.","req_id":67,"req_method":"POST","req_path":"/v1/data/crosslab","subsystem":"opa","time":"2024-10-14T13:12:49Z"}
authorization-1   | {"action":"view","level":"info","message":"opa_check","object":"device:http://gateway:80/devices/b3e96883-3439-4293-a4f3-2ff8f4f5a75d","openfga":{"authorization_model_id":"01JA5JH5HQ8Z12J7BR0RSH437H","store":"01JA5JH5GZXDSX38QBXMM5AT26"},"requestID":"02c7ec40-8a2e-11ef-bfc5-5fc251c22e64","response":{"result":{"allow":true,"enc":"user:http%3A%2F%2Fgateway%3A80%2Fusers%2F87e20c7a-4630-4ce3-b973-d37a29cf2230","object":"device:http://gateway:80/devices/b3e96883-3439-4293-a4f3-2ff8f4f5a75d","object_type":"device","payload":{"admin":true,"edgeToken":"YDxaQYMSV2HKvd7pbus7cpr6B6IeyOgCk4N6rPnAP_0Z1rz4l5RhlzucY5dQil3VggNzclSIvwRmE6r_3IJBiQ","iat":1728911563,"sub":"http://gateway:80/users/87e20c7a-4630-4ce3-b973-d37a29cf2230"},"rebac_allow":true,"scope_allow":true,"scopes":["read","write","connect"],"subject":"user:http://gateway:80/users/87e20c7a-4630-4ce3-b973-d37a29cf2230","subject_alt":"http://gateway:80/users/87e20c7a-4630-4ce3-b973-d37a29cf2230"}},"subject":"eyJhbGciOiJIUzI1NiJ9.eyJzdWIiOiJodHRwOi8vZ2F0ZXdheTo4MC91c2Vycy84N2UyMGM3YS00NjMwLTRjZTMtYjk3My1kMzdhMjljZjIyMzAiLCJlZGdlVG9rZW4iOiJZRHhhUVlNU1YySEt2ZDdwYnVzN2NwcjZCNklleU9nQ2s0TjZyUG5BUF8wWjFyejRsNVJobHp1Y1k1ZFFpbDNWZ2dOemNsU0l2d1JtRTZyXzNJSkJpUSIsImFkbWluIjp0cnVlLCJpYXQiOjE3Mjg5MTE1NjN9.u-BEZC80xYD8hWdy8CHOQ40REJbRbd80wz3xOahI3zA"}
authorization-1   | {"level":"info","message":"POST /authorize 200 3ms","method":"POST","requestID":"02c7ec40-8a2e-11ef-bfc5-5fc251c22e64","responseTime":3,"status":200,"url":"/authorize"}
authorization-1   | {"client_addr":"127.0.0.1:38976","level":"info","msg":"Sent response.","req_id":67,"req_method":"POST","req_path":"/v1/data/crosslab","resp_bytes":657,"resp_duration":0.407924,"resp_status":200,"subsystem":"opa","time":"2024-10-14T13:12:49Z"}
authorization-1   | {"client_addr":"127.0.0.1:38990","level":"info","msg":"Received request.","req_id":68,"req_method":"POST","req_path":"/v1/data/crosslab","subsystem":"opa","time":"2024-10-14T13:12:49Z"}
authorization-1   | {"action":"view","level":"info","message":"opa_check","object":"device:http://gateway:80/devices/51646f3d-2ddd-4728-9c2d-704c7d3e9775","openfga":{"authorization_model_id":"01JA5JH5HQ8Z12J7BR0RSH437H","store":"01JA5JH5GZXDSX38QBXMM5AT26"},"requestID":"02c7ec41-8a2e-11ef-bfc5-5fc251c22e64","response":{"result":{"allow":true,"enc":"user:http%3A%2F%2Fgateway%3A80%2Fusers%2F87e20c7a-4630-4ce3-b973-d37a29cf2230","object":"device:http://gateway:80/devices/51646f3d-2ddd-4728-9c2d-704c7d3e9775","object_type":"device","payload":{"admin":true,"edgeToken":"YDxaQYMSV2HKvd7pbus7cpr6B6IeyOgCk4N6rPnAP_0Z1rz4l5RhlzucY5dQil3VggNzclSIvwRmE6r_3IJBiQ","iat":1728911563,"sub":"http://gateway:80/users/87e20c7a-4630-4ce3-b973-d37a29cf2230"},"rebac_allow":true,"scope_allow":true,"scopes":["read","write","connect"],"subject":"user:http://gateway:80/users/87e20c7a-4630-4ce3-b973-d37a29cf2230","subject_alt":"http://gateway:80/users/87e20c7a-4630-4ce3-b973-d37a29cf2230"}},"subject":"eyJhbGciOiJIUzI1NiJ9.eyJzdWIiOiJodHRwOi8vZ2F0ZXdheTo4MC91c2Vycy84N2UyMGM3YS00NjMwLTRjZTMtYjk3My1kMzdhMjljZjIyMzAiLCJlZGdlVG9rZW4iOiJZRHhhUVlNU1YySEt2ZDdwYnVzN2NwcjZCNklleU9nQ2s0TjZyUG5BUF8wWjFyejRsNVJobHp1Y1k1ZFFpbDNWZ2dOemNsU0l2d1JtRTZyXzNJSkJpUSIsImFkbWluIjp0cnVlLCJpYXQiOjE3Mjg5MTE1NjN9.u-BEZC80xYD8hWdy8CHOQ40REJbRbd80wz3xOahI3zA"}
authorization-1   | {"level":"info","message":"POST /authorize 200 3ms","method":"POST","requestID":"02c7ec41-8a2e-11ef-bfc5-5fc251c22e64","responseTime":3,"status":200,"url":"/authorize"}
authorization-1   | {"client_addr":"127.0.0.1:38990","level":"info","msg":"Sent response.","req_id":68,"req_method":"POST","req_path":"/v1/data/crosslab","resp_bytes":657,"resp_duration":0.382516,"resp_status":200,"subsystem":"opa","time":"2024-10-14T13:12:49Z"}
authorization-1   | {"client_addr":"127.0.0.1:38950","level":"info","msg":"Received request.","req_id":69,"req_method":"POST","req_path":"/v1/data/crosslab","subsystem":"opa","time":"2024-10-14T13:12:49Z"}
